// Jest Snapshot v1, https://goo.gl/fbAQLP

exports[`renders correctly 1`] = `
<div>
  <b>
    Hello, Welcome to the CircleCI
  </b>
</div>
`;
